2025-10-03 10:07:33,954 - INFO - Initializing Telegram client...
2025-10-03 10:07:33,985 - INFO - Connecting to 149.154.167.91:443/TcpFull...
2025-10-03 10:07:34,086 - INFO - Connection to 149.154.167.91:443/TcpFull complete!
2025-10-03 10:11:10,954 - INFO - Telegram client started successfully.
2025-10-03 10:11:10,955 - INFO - Fetching messages from https://t.me/DoctorsET...
2025-10-03 10:11:10,955 - INFO - Fetching messages from https://t.me/DoctorsET with min_id=0...
2025-10-03 10:11:12,756 - INFO - Fetched 200 messages from https://t.me/DoctorsET.
2025-10-03 10:11:13,039 - INFO - Messages from https://t.me/DoctorsET saved to '../data/raw\https___t_me_DoctorsET.json'.
2025-10-03 10:11:13,039 - INFO - Fetching messages from https://t.me/CheMed123...
2025-10-03 10:11:13,039 - INFO - Fetching messages from https://t.me/CheMed123 with min_id=0...
2025-10-03 10:11:13,604 - INFO - Fetched 76 messages from https://t.me/CheMed123.
2025-10-03 10:11:13,806 - INFO - Messages from https://t.me/CheMed123 saved to '../data/raw\https___t_me_CheMed123.json'.
2025-10-03 10:11:13,806 - INFO - Fetching messages from https://t.me/lobelia4cosmetics...
2025-10-03 10:11:13,806 - INFO - Fetching messages from https://t.me/lobelia4cosmetics with min_id=0...
2025-10-03 10:11:14,764 - INFO - Fetched 200 messages from https://t.me/lobelia4cosmetics.
2025-10-03 10:11:14,842 - INFO - Messages from https://t.me/lobelia4cosmetics saved to '../data/raw\https___t_me_lobelia4cosmetics.json'.
2025-10-03 10:11:14,842 - INFO - Fetching messages from https://t.me/yetenaweg...
2025-10-03 10:11:14,842 - INFO - Fetching messages from https://t.me/yetenaweg with min_id=0...
2025-10-03 10:11:15,923 - INFO - Fetched 200 messages from https://t.me/yetenaweg.
2025-10-03 10:11:15,954 - INFO - Messages from https://t.me/yetenaweg saved to '../data/raw\https___t_me_yetenaweg.json'.
2025-10-03 10:11:15,954 - INFO - Fetching messages from https://t.me/EAHCI...
2025-10-03 10:11:15,954 - INFO - Fetching messages from https://t.me/EAHCI with min_id=0...
2025-10-03 10:11:17,788 - INFO - Fetched 200 messages from https://t.me/EAHCI.
2025-10-03 10:11:17,836 - INFO - Messages from https://t.me/EAHCI saved to '../data/raw\https___t_me_EAHCI.json'.
2025-10-03 10:11:17,837 - ERROR - An error occurred during data fetching: [Errno 2] No such file or directory: '../metadata/last_fetched.json'
2025-10-03 10:11:17,837 - INFO - Disconnecting Telegram client...
2025-10-03 10:11:17,838 - INFO - Disconnecting from 149.154.167.91:443/TcpFull...
2025-10-03 10:11:17,838 - INFO - Disconnection from 149.154.167.91:443/TcpFull complete!
2025-10-03 10:11:17,853 - INFO - Telegram client disconnected.
2025-10-03 10:12:42,540 - INFO - Initializing Telegram client...
2025-10-03 10:12:42,550 - INFO - Connecting to 149.154.167.91:443/TcpFull...
2025-10-03 10:12:42,645 - INFO - Connection to 149.154.167.91:443/TcpFull complete!
2025-10-03 10:12:43,601 - INFO - Telegram client started successfully.
2025-10-03 10:12:43,620 - INFO - Fetching messages from https://t.me/DoctorsET...
2025-10-03 10:12:43,621 - INFO - Fetching messages from https://t.me/DoctorsET with min_id=864...
2025-10-03 10:12:44,130 - INFO - Fetched 1 messages from https://t.me/DoctorsET.
2025-10-03 10:12:44,132 - INFO - Messages from https://t.me/DoctorsET saved to '../data/raw\https___t_me_DoctorsET.json'.
2025-10-03 10:12:44,132 - INFO - Fetching messages from https://t.me/CheMed123...
2025-10-03 10:12:44,132 - INFO - Fetching messages from https://t.me/CheMed123 with min_id=97...
2025-10-03 10:12:45,002 - INFO - Fetched 0 messages from https://t.me/CheMed123.
2025-10-03 10:12:45,003 - INFO - No new messages found for https://t.me/CheMed123.
2025-10-03 10:12:45,003 - INFO - Fetching messages from https://t.me/lobelia4cosmetics...
2025-10-03 10:12:45,003 - INFO - Fetching messages from https://t.me/lobelia4cosmetics with min_id=16238...
2025-10-03 10:12:45,871 - INFO - Fetched 200 messages from https://t.me/lobelia4cosmetics.
2025-10-03 10:12:45,934 - INFO - Messages from https://t.me/lobelia4cosmetics saved to '../data/raw\https___t_me_lobelia4cosmetics.json'.
2025-10-03 10:12:45,934 - INFO - Fetching messages from https://t.me/yetenaweg...
2025-10-03 10:12:45,934 - INFO - Fetching messages from https://t.me/yetenaweg with min_id=1271...
2025-10-03 10:12:46,359 - INFO - Fetched 72 messages from https://t.me/yetenaweg.
2025-10-03 10:12:46,359 - INFO - Messages from https://t.me/yetenaweg saved to '../data/raw\https___t_me_yetenaweg.json'.
2025-10-03 10:12:46,359 - INFO - Fetching messages from https://t.me/EAHCI...
2025-10-03 10:12:46,359 - INFO - Fetching messages from https://t.me/EAHCI with min_id=2678...
2025-10-03 10:12:48,146 - INFO - Fetched 200 messages from https://t.me/EAHCI.
2025-10-03 10:12:48,146 - INFO - Messages from https://t.me/EAHCI saved to '../data/raw\https___t_me_EAHCI.json'.
2025-10-03 10:12:48,192 - INFO - Metadata updated successfully.
2025-10-03 10:12:48,208 - INFO - Merged messages saved to 'data/merged_messages.json'.
2025-10-03 10:12:48,208 - INFO - Disconnecting Telegram client...
2025-10-03 10:12:48,208 - INFO - Disconnecting from 149.154.167.91:443/TcpFull...
2025-10-03 10:12:48,208 - INFO - Disconnection from 149.154.167.91:443/TcpFull complete!
2025-10-03 10:12:48,224 - INFO - Telegram client disconnected.
